=== RUN   TestSubmitTask
2026-01-15T21:27:16.979-0500 [INFO]  raft: initial configuration: index=1 servers="[{Suffrage:Voter ID:node1 Address:node1}]"
2026-01-15T21:27:16.979-0500 [INFO]  raft: entering follower state: follower="Node at node1 [Follower]" leader-address= leader-id=
    engine_test.go:191: SubmitTask failed: node is not the leader
--- FAIL: TestSubmitTask (0.00s)
=== RUN   TestFlow_TaskAdmitted_Brainstorm
2026-01-15T21:27:16.980-0500 [INFO]  raft: initial configuration: index=1 servers="[{Suffrage:Voter ID:node1 Address:node1}]"
2026/01/15 21:27:16 [node1] Received task admission: t1. Starting local brainstorm.
2026/01/15 21:27:16 [node1] Contributing to Brainstorm for task t1
2026-01-15T21:27:16.980-0500 [INFO]  raft: entering follower state: follower="Node at node1 [Follower]" leader-address= leader-id=
2026/01/15 21:27:16 [node1] Failed to apply answer: node is not the leader
2026-01-15T21:27:17.042-0500 [WARN]  raft: heartbeat timeout reached, starting election: last-leader-addr= last-leader-id=
2026-01-15T21:27:17.042-0500 [INFO]  raft: entering candidate state: node="Node at node1 [Candidate]" term=2
2026-01-15T21:27:17.042-0500 [DEBUG] raft: pre-voting for self: term=2 id=node1
2026-01-15T21:27:17.042-0500 [DEBUG] raft: calculated votes needed: needed=1 term=2
2026-01-15T21:27:17.042-0500 [DEBUG] raft: pre-vote received: from=node1 term=2 tally=0
2026-01-15T21:27:17.042-0500 [DEBUG] raft: pre-vote granted: from=node1 term=2 tally=1
2026-01-15T21:27:17.042-0500 [INFO]  raft: pre-vote successful, starting election: term=2 tally=1 refused=0 votesNeeded=1
2026-01-15T21:27:17.042-0500 [DEBUG] raft: voting for self: term=2 id=node1
2026-01-15T21:27:17.042-0500 [DEBUG] raft: vote granted: from=node1 term=2 tally=1
2026-01-15T21:27:17.042-0500 [INFO]  raft: election won: term=2 tally=1
2026-01-15T21:27:17.042-0500 [INFO]  raft: entering leader state: leader="Node at node1 [Leader]"
2026-01-15T21:27:17.068-0500 [WARN]  raft: heartbeat timeout reached, starting election: last-leader-addr= last-leader-id=
2026-01-15T21:27:17.068-0500 [INFO]  raft: entering candidate state: node="Node at node1 [Candidate]" term=2
2026-01-15T21:27:17.068-0500 [DEBUG] raft: pre-voting for self: term=2 id=node1
2026-01-15T21:27:17.068-0500 [DEBUG] raft: calculated votes needed: needed=1 term=2
2026-01-15T21:27:17.068-0500 [DEBUG] raft: pre-vote received: from=node1 term=2 tally=0
2026-01-15T21:27:17.068-0500 [DEBUG] raft: pre-vote granted: from=node1 term=2 tally=1
2026-01-15T21:27:17.068-0500 [INFO]  raft: pre-vote successful, starting election: term=2 tally=1 refused=0 votesNeeded=1
2026-01-15T21:27:17.068-0500 [DEBUG] raft: voting for self: term=2 id=node1
2026-01-15T21:27:17.068-0500 [DEBUG] raft: vote granted: from=node1 term=2 tally=1
2026-01-15T21:27:17.068-0500 [INFO]  raft: election won: term=2 tally=1
2026-01-15T21:27:17.068-0500 [INFO]  raft: entering leader state: leader="Node at node1 [Leader]"
    engine_test.go:239: TaskAnswers not found in FSM
--- FAIL: TestFlow_TaskAdmitted_Brainstorm (0.10s)
=== RUN   TestFlow_Leader_Proposal
2026-01-15T21:27:17.082-0500 [INFO]  raft: initial configuration: index=1 servers="[{Suffrage:Voter ID:node1 Address:node1}]"
2026/01/15 21:27:17 [node1] Starting Proposal phase for task t1
2026/01/15 21:27:17 [node1] Aggregating 3 answers for task t1
2026-01-15T21:27:17.082-0500 [INFO]  raft: entering follower state: follower="Node at node1 [Follower]" leader-address= leader-id=
2026/01/15 21:27:17 [node1] Failed to update task to proposal: node is not the leader
2026-01-15T21:27:17.159-0500 [WARN]  raft: heartbeat timeout reached, starting election: last-leader-addr= last-leader-id=
2026-01-15T21:27:17.159-0500 [INFO]  raft: entering candidate state: node="Node at node1 [Candidate]" term=2
2026-01-15T21:27:17.159-0500 [DEBUG] raft: pre-voting for self: term=2 id=node1
2026-01-15T21:27:17.159-0500 [DEBUG] raft: calculated votes needed: needed=1 term=2
2026-01-15T21:27:17.159-0500 [DEBUG] raft: pre-vote received: from=node1 term=2 tally=0
2026-01-15T21:27:17.159-0500 [DEBUG] raft: pre-vote granted: from=node1 term=2 tally=1
2026-01-15T21:27:17.159-0500 [INFO]  raft: pre-vote successful, starting election: term=2 tally=1 refused=0 votesNeeded=1
2026-01-15T21:27:17.159-0500 [DEBUG] raft: voting for self: term=2 id=node1
2026-01-15T21:27:17.159-0500 [DEBUG] raft: vote granted: from=node1 term=2 tally=1
2026-01-15T21:27:17.159-0500 [INFO]  raft: election won: term=2 tally=1
2026-01-15T21:27:17.159-0500 [INFO]  raft: entering leader state: leader="Node at node1 [Leader]"
--- PASS: TestFlow_Leader_Proposal (0.10s)
=== RUN   TestFlow_Follower_Vote
2026-01-15T21:27:17.184-0500 [INFO]  raft: initial configuration: index=1 servers="[{Suffrage:Voter ID:node1 Address:node1}]"
2026/01/15 21:27:17 [node1] Validating and casting vote for task t1
2026-01-15T21:27:17.184-0500 [INFO]  raft: entering follower state: follower="Node at node1 [Follower]" leader-address= leader-id=
--- PASS: TestFlow_Follower_Vote (0.00s)
=== RUN   TestFlow_Vote
2026-01-15T21:27:17.185-0500 [INFO]  raft: initial configuration: index=1 servers="[{Suffrage:Voter ID:node1 Address:node1}]"
2026/01/15 21:27:17 [node1] Validating and casting vote for task t1
2026-01-15T21:27:17.185-0500 [INFO]  raft: entering follower state: follower="Node at node1 [Follower]" leader-address= leader-id=
2026/01/15 21:27:17 [node1] Failed to submit vote (leader): node is not the leader
2026-01-15T21:27:17.243-0500 [WARN]  raft: heartbeat timeout reached, starting election: last-leader-addr= last-leader-id=
2026-01-15T21:27:17.243-0500 [INFO]  raft: entering candidate state: node="Node at node1 [Candidate]" term=2
2026-01-15T21:27:17.243-0500 [DEBUG] raft: pre-voting for self: term=2 id=node1
2026-01-15T21:27:17.243-0500 [DEBUG] raft: calculated votes needed: needed=1 term=2
2026-01-15T21:27:17.243-0500 [DEBUG] raft: pre-vote received: from=node1 term=2 tally=0
2026-01-15T21:27:17.243-0500 [DEBUG] raft: pre-vote granted: from=node1 term=2 tally=1
2026-01-15T21:27:17.243-0500 [INFO]  raft: pre-vote successful, starting election: term=2 tally=1 refused=0 votesNeeded=1
2026-01-15T21:27:17.243-0500 [DEBUG] raft: voting for self: term=2 id=node1
2026-01-15T21:27:17.243-0500 [DEBUG] raft: vote granted: from=node1 term=2 tally=1
2026-01-15T21:27:17.243-0500 [INFO]  raft: election won: term=2 tally=1
2026-01-15T21:27:17.243-0500 [INFO]  raft: entering leader state: leader="Node at node1 [Leader]"
2026-01-15T21:27:17.261-0500 [WARN]  raft: heartbeat timeout reached, starting election: last-leader-addr= last-leader-id=
2026-01-15T21:27:17.261-0500 [INFO]  raft: entering candidate state: node="Node at node1 [Candidate]" term=2
2026-01-15T21:27:17.261-0500 [DEBUG] raft: pre-voting for self: term=2 id=node1
2026-01-15T21:27:17.261-0500 [DEBUG] raft: calculated votes needed: needed=1 term=2
2026-01-15T21:27:17.261-0500 [DEBUG] raft: pre-vote received: from=node1 term=2 tally=0
2026-01-15T21:27:17.261-0500 [DEBUG] raft: pre-vote granted: from=node1 term=2 tally=1
2026-01-15T21:27:17.261-0500 [INFO]  raft: pre-vote successful, starting election: term=2 tally=1 refused=0 votesNeeded=1
2026-01-15T21:27:17.261-0500 [DEBUG] raft: voting for self: term=2 id=node1
2026-01-15T21:27:17.261-0500 [DEBUG] raft: vote granted: from=node1 term=2 tally=1
2026-01-15T21:27:17.261-0500 [INFO]  raft: election won: term=2 tally=1
2026-01-15T21:27:17.261-0500 [INFO]  raft: entering leader state: leader="Node at node1 [Leader]"
    engine_test.go:323: No votes found in FSM
--- FAIL: TestFlow_Vote (0.20s)
=== RUN   TestFlow_Leader_Finalize_Consensus
2026-01-15T21:27:17.387-0500 [INFO]  raft: initial configuration: index=1 servers="[{Suffrage:Voter ID:node1 Address:node1}]"
2026/01/15 21:27:17 [node1] Consensus reached for task t1 (Votes: 2/3). Accepted.
2026-01-15T21:27:17.387-0500 [INFO]  raft: entering follower state: follower="Node at node1 [Follower]" leader-address= leader-id=
2026/01/15 21:27:17 [node1] Failed to apply update task: node is not the leader
2026-01-15T21:27:17.447-0500 [WARN]  raft: heartbeat timeout reached, starting election: last-leader-addr= last-leader-id=
2026-01-15T21:27:17.447-0500 [INFO]  raft: entering candidate state: node="Node at node1 [Candidate]" term=2
2026-01-15T21:27:17.447-0500 [DEBUG] raft: pre-voting for self: term=2 id=node1
2026-01-15T21:27:17.447-0500 [DEBUG] raft: calculated votes needed: needed=1 term=2
2026-01-15T21:27:17.447-0500 [DEBUG] raft: pre-vote received: from=node1 term=2 tally=0
2026-01-15T21:27:17.447-0500 [DEBUG] raft: pre-vote granted: from=node1 term=2 tally=1
2026-01-15T21:27:17.447-0500 [INFO]  raft: pre-vote successful, starting election: term=2 tally=1 refused=0 votesNeeded=1
2026-01-15T21:27:17.447-0500 [DEBUG] raft: voting for self: term=2 id=node1
2026-01-15T21:27:17.447-0500 [DEBUG] raft: vote granted: from=node1 term=2 tally=1
2026-01-15T21:27:17.447-0500 [INFO]  raft: election won: term=2 tally=1
2026-01-15T21:27:17.447-0500 [INFO]  raft: entering leader state: leader="Node at node1 [Leader]"
    engine_test.go:352: Expected Done status, got proposal
--- FAIL: TestFlow_Leader_Finalize_Consensus (0.10s)
=== RUN   TestFlow_Leader_Finalize_Rejected
2026-01-15T21:27:17.489-0500 [INFO]  raft: initial configuration: index=1 servers="[{Suffrage:Voter ID:node1 Address:node1}]"
2026/01/15 21:27:17 [node1] Consensus reached for task t1 (Votes: 2/3). REJECTED.
2026-01-15T21:27:17.489-0500 [INFO]  raft: entering follower state: follower="Node at node1 [Follower]" leader-address= leader-id=
2026/01/15 21:27:17 [node1] Failed to apply update task: node is not the leader
2026-01-15T21:27:17.552-0500 [WARN]  raft: heartbeat timeout reached, starting election: last-leader-addr= last-leader-id=
2026-01-15T21:27:17.552-0500 [INFO]  raft: entering candidate state: node="Node at node1 [Candidate]" term=2
2026-01-15T21:27:17.552-0500 [DEBUG] raft: pre-voting for self: term=2 id=node1
2026-01-15T21:27:17.552-0500 [DEBUG] raft: calculated votes needed: needed=1 term=2
2026-01-15T21:27:17.552-0500 [DEBUG] raft: pre-vote received: from=node1 term=2 tally=0
2026-01-15T21:27:17.552-0500 [DEBUG] raft: pre-vote granted: from=node1 term=2 tally=1
2026-01-15T21:27:17.552-0500 [INFO]  raft: pre-vote successful, starting election: term=2 tally=1 refused=0 votesNeeded=1
2026-01-15T21:27:17.552-0500 [DEBUG] raft: voting for self: term=2 id=node1
2026-01-15T21:27:17.552-0500 [DEBUG] raft: vote granted: from=node1 term=2 tally=1
2026-01-15T21:27:17.552-0500 [INFO]  raft: election won: term=2 tally=1
2026-01-15T21:27:17.552-0500 [INFO]  raft: entering leader state: leader="Node at node1 [Leader]"
    engine_test.go:379: Expected Failed status, got proposal
--- FAIL: TestFlow_Leader_Finalize_Rejected (0.10s)
=== RUN   TestFlow_Leader_Timeout
2026-01-15T21:27:17.590-0500 [INFO]  raft: initial configuration: index=1 servers="[{Suffrage:Voter ID:node1 Address:node1}]"
2026/01/15 21:27:17 [node1] Received task admission: t1. Starting local brainstorm.
2026/01/15 21:27:17 [node1] Contributing to Brainstorm for task t1
2026-01-15T21:27:17.590-0500 [INFO]  raft: entering follower state: follower="Node at node1 [Follower]" leader-address= leader-id=
2026/01/15 21:27:17 [node1] Failed to apply answer: node is not the leader
2026-01-15T21:27:17.685-0500 [WARN]  raft: heartbeat timeout reached, starting election: last-leader-addr= last-leader-id=
2026-01-15T21:27:17.685-0500 [INFO]  raft: entering candidate state: node="Node at node1 [Candidate]" term=2
2026-01-15T21:27:17.686-0500 [DEBUG] raft: pre-voting for self: term=2 id=node1
2026-01-15T21:27:17.686-0500 [DEBUG] raft: calculated votes needed: needed=1 term=2
2026-01-15T21:27:17.686-0500 [DEBUG] raft: pre-vote received: from=node1 term=2 tally=0
2026-01-15T21:27:17.686-0500 [DEBUG] raft: pre-vote granted: from=node1 term=2 tally=1
2026-01-15T21:27:17.686-0500 [INFO]  raft: pre-vote successful, starting election: term=2 tally=1 refused=0 votesNeeded=1
2026-01-15T21:27:17.686-0500 [DEBUG] raft: voting for self: term=2 id=node1
2026-01-15T21:27:17.686-0500 [DEBUG] raft: vote granted: from=node1 term=2 tally=1
2026-01-15T21:27:17.686-0500 [INFO]  raft: election won: term=2 tally=1
2026-01-15T21:27:17.686-0500 [INFO]  raft: entering leader state: leader="Node at node1 [Leader]"
2026/01/15 21:27:17 [node1] Timeout triggered for task t1
2026/01/15 21:27:17 [Timeout] Task t1 reached timeout: Phase timeout exceeded
--- PASS: TestFlow_Leader_Timeout (0.60s)
=== RUN   TestFlow_Leader_Finalize_NoConsensus
2026-01-15T21:27:18.192-0500 [INFO]  raft: initial configuration: index=1 servers="[{Suffrage:Voter ID:node1 Address:node1}]"
2026-01-15T21:27:18.192-0500 [INFO]  raft: entering follower state: follower="Node at node1 [Follower]" leader-address= leader-id=
--- PASS: TestFlow_Leader_Finalize_NoConsensus (0.05s)
=== RUN   TestNewEngine
--- PASS: TestNewEngine (0.00s)
=== RUN   TestEngine_Start
2026-01-15T21:27:18.243-0500 [INFO]  raft: initial configuration: index=1 servers="[{Suffrage:Voter ID:node1 Address:node1}]"
2026/01/15 21:27:18 [node1] Received task admission: t1. Starting local brainstorm.
2026/01/15 21:27:18 [node1] Contributing to Brainstorm for task t1
2026-01-15T21:27:18.243-0500 [INFO]  raft: entering follower state: follower="Node at node1 [Follower]" leader-address= leader-id=
2026/01/15 21:27:18 [node1] Failed to apply answer: node is not the leader
2026/01/15 21:27:18 [node1] Timeout triggered for task t1
2026/01/15 21:27:18 [Timeout] Task t1 reached timeout: Phase timeout exceeded
2026/01/15 21:27:18 Failed to apply timeout failure for task t1: node is not the leader
2026-01-15T21:27:18.250-0500 [WARN]  raft: heartbeat timeout reached, starting election: last-leader-addr= last-leader-id=
2026-01-15T21:27:18.250-0500 [INFO]  raft: entering candidate state: node="Node at node1 [Candidate]" term=2
2026-01-15T21:27:18.250-0500 [DEBUG] raft: pre-voting for self: term=2 id=node1
2026-01-15T21:27:18.250-0500 [DEBUG] raft: calculated votes needed: needed=1 term=2
2026-01-15T21:27:18.250-0500 [DEBUG] raft: pre-vote received: from=node1 term=2 tally=0
2026-01-15T21:27:18.250-0500 [DEBUG] raft: pre-vote granted: from=node1 term=2 tally=1
2026-01-15T21:27:18.250-0500 [INFO]  raft: pre-vote successful, starting election: term=2 tally=1 refused=0 votesNeeded=1
2026-01-15T21:27:18.250-0500 [DEBUG] raft: voting for self: term=2 id=node1
2026-01-15T21:27:18.250-0500 [DEBUG] raft: vote granted: from=node1 term=2 tally=1
2026-01-15T21:27:18.250-0500 [INFO]  raft: election won: term=2 tally=1
2026-01-15T21:27:18.250-0500 [INFO]  raft: entering leader state: leader="Node at node1 [Leader]"
2026-01-15T21:27:18.323-0500 [WARN]  raft: heartbeat timeout reached, starting election: last-leader-addr= last-leader-id=
2026-01-15T21:27:18.323-0500 [INFO]  raft: entering candidate state: node="Node at node1 [Candidate]" term=2
2026-01-15T21:27:18.323-0500 [DEBUG] raft: pre-voting for self: term=2 id=node1
2026-01-15T21:27:18.323-0500 [DEBUG] raft: calculated votes needed: needed=1 term=2
2026-01-15T21:27:18.323-0500 [DEBUG] raft: pre-vote received: from=node1 term=2 tally=0
2026-01-15T21:27:18.323-0500 [DEBUG] raft: pre-vote granted: from=node1 term=2 tally=1
2026-01-15T21:27:18.323-0500 [INFO]  raft: pre-vote successful, starting election: term=2 tally=1 refused=0 votesNeeded=1
2026-01-15T21:27:18.323-0500 [DEBUG] raft: voting for self: term=2 id=node1
2026-01-15T21:27:18.323-0500 [DEBUG] raft: vote granted: from=node1 term=2 tally=1
2026-01-15T21:27:18.323-0500 [INFO]  raft: election won: term=2 tally=1
2026-01-15T21:27:18.323-0500 [INFO]  raft: entering leader state: leader="Node at node1 [Leader]"
    engine_test.go:498: Waiting for answer...
2026/01/15 21:27:18 [node1] Starting Proposal phase for task t1
2026/01/15 21:27:18 [node1] Aggregating 3 answers for task t1
2026/01/15 21:27:18 [node1] Validating and casting vote for task t1
2026/01/15 21:27:18 [node1] Timeout triggered for task t1
2026/01/15 21:27:18 [Timeout] Task t1 reached timeout: Phase timeout exceeded
    engine_test.go:517: Expected Proposal status, got failed
2026/01/15 21:27:18 [node1] Validating and casting vote for task t1
2026/01/15 21:27:18 [node1] Consensus reached for task t1 (Votes: 2/3). Accepted.
--- PASS: TestEngine_Start (0.40s)
FAIL
FAIL	github.com/dhiaayachi/gravity-ai/internal/engine	1.891s
FAIL
